
> starter_helpi@0.1.0 test
> react-scripts test --coverage

PASS src/App.test.tsx
  ✓ renders learn react link (38 ms)

--------------------|---------|----------|---------|---------|---------------------
File                | % Stmts | % Branch | % Funcs | % Lines | Uncovered Line #s   
--------------------|---------|----------|---------|---------|---------------------
All files           |   37.14 |       20 |   15.38 |   37.14 |                     
 App.tsx            |      60 |       50 |   33.33 |      60 | 12,20-26            
 Questions.tsx      |      50 |       25 |    12.5 |      50 | 8,12,16,20,24,30-38 
 index.tsx          |       0 |      100 |     100 |       0 | 7-19                
 reportWebVitals.ts |       0 |        0 |       0 |       0 | 3-10                
--------------------|---------|----------|---------|---------|---------------------
Test Suites: 1 passed, 1 total
Tests:       1 passed, 1 total
Snapshots:   0 total
Time:        2.737 s
Ran all test suites.
[0;33mOne of your dependencies, babel-preset-react-app, is importing the
"@babel/plugin-proposal-private-property-in-object" package without
declaring it in its dependencies. This is currently working because
"@babel/plugin-proposal-private-property-in-object" is already in your
node_modules folder for unrelated reasons, but it [1mmay break at any time[0;33m.

babel-preset-react-app is part of the create-react-app project, [1mwhich
is not maintianed anymore[0;33m. It is thus unlikely that this bug will
ever be fixed. Add "@babel/plugin-proposal-private-property-in-object" to
your devDependencies to work around this error. This will make this message
go away.[0m
  
